// Jest Snapshot v1, https://goo.gl/fbAQLP

exports[`Image not visible renders the blur-up thumb 1`] = `
<Component
  data={
    Object {
      "alt": "DatoCMS swag",
      "aspectRatio": 1.7777777777777777,
      "base64": "data:image/jpeg;base64,/9j/4AAQSkZJRgABAQAAAQABAAD/2wCEAAoHBwgHBgoICAgLFQoLDhgQDg0NDh0eHREYIx8lJCIrHB0dLSs7GikyKSEuKjUlKDk1MjIyHyo4PTc+PDcxPjUBCgsLDg0OHBAQHDsoIig7Ozs7Ozs7OzsvOzs7Ozs7Ozs7Lzs7Ozs7Ozs7OzsvOzs7NTsvLy87NTU1Ly8vLzsvL//AABEIAA0AGAMBIgACEQEDEQH/xAAYAAACAwAAAAAAAAAAAAAAAAAGBwABBP/EACEQAAEEAAYDAAAAAAAAAAAAAAEAAgMEBQYHESEiFWFx/8QAFQEBAQAAAAAAAAAAAAAAAAAAAwL/xAAZEQADAAMAAAAAAAAAAAAAAAAAAQIRITH/2gAMAwEAAhEDEQA/AFxLgDWTsAd1J5TGy7hEYqNAaNgECX7sjLMQAHJTEy1Zcarfia4lJMauAxqBhLY6ZlaOzDurWvUOd3jZPfCiEh4xs//Z",
      "height": 421,
      "sizes": "(max-width: 750px) 100vw, 750px",
      "src": "https://www.datocms-assets.com/205/image.png?ar=16%3A9&fit=crop&w=750",
      "srcSet": "https://www.datocms-assets.com/205/image.png?ar=16%3A9&dpr=0.25&fit=crop&w=750 187w,↵https://www.datocms-assets.com/205/image.png?ar=16%3A9&dpr=0.5&fit=crop&w=750 375w,↵https://www.datocms-assets.com/205/image.png?ar=16%3A9&dpr=0.75&fit=crop&w=750 562w,↵https://www.datocms-assets.com/205/image.png?ar=16%3A9&dpr=1&fit=crop&w=750 750w,↵https://www.datocms-assets.com/205/image.png?ar=16%3A9&dpr=1.5&fit=crop&w=750 1125w,↵https://www.datocms-assets.com/205/image.png?ar=16%3A9&dpr=2&fit=crop&w=750 1500w,↵https://www.datocms-assets.com/205/image.png?ar=16%3A9&dpr=3&fit=crop&w=750 2250w,↵https://www.datocms-assets.com/205/image.png?ar=16%3A9&dpr=4&fit=crop&w=750 3000w",
      "title": "These are awesome, we know that.",
      "width": 750,
    }
  }
>
  <div
    style={
      Object {
        "display": "block",
        "maxWidth": "750px",
        "position": "relative",
      }
    }
  >
    <div
      style={
        Object {
          "backgroundColor": undefined,
          "backgroundImage": "url(data:image/jpeg;base64,/9j/4AAQSkZJRgABAQAAAQABAAD/2wCEAAoHBwgHBgoICAgLFQoLDhgQDg0NDh0eHREYIx8lJCIrHB0dLSs7GikyKSEuKjUlKDk1MjIyHyo4PTc+PDcxPjUBCgsLDg0OHBAQHDsoIig7Ozs7Ozs7OzsvOzs7Ozs7Ozs7Lzs7Ozs7Ozs7OzsvOzs7NTsvLy87NTU1Ly8vLzsvL//AABEIAA0AGAMBIgACEQEDEQH/xAAYAAACAwAAAAAAAAAAAAAAAAAGBwABBP/EACEQAAEEAAYDAAAAAAAAAAAAAAEAAgMEBQYHESEiFWFx/8QAFQEBAQAAAAAAAAAAAAAAAAAAAwL/xAAZEQADAAMAAAAAAAAAAAAAAAAAAQIRITH/2gAMAwEAAhEDEQA/AFxLgDWTsAd1J5TGy7hEYqNAaNgECX7sjLMQAHJTEy1Zcarfia4lJMauAxqBhLY6ZlaOzDurWvUOd3jZPfCiEh4xs//Z)",
          "backgroundSize": "cover",
          "paddingTop": "56.25%",
        }
      }
    />
    <noscript>
      <picture
        style={
          Object {
            "left": 0,
            "position": "absolute",
            "top": 0,
            "width": "100%",
          }
        }
      />
    </noscript>
  </div>
</Component>
`;

exports[`Image visible image loaded shows the image 1`] = `
<Component
  data={
    Object {
      "alt": "DatoCMS swag",
      "aspectRatio": 1.7777777777777777,
      "base64": "data:image/jpeg;base64,/9j/4AAQSkZJRgABAQAAAQABAAD/2wCEAAoHBwgHBgoICAgLFQoLDhgQDg0NDh0eHREYIx8lJCIrHB0dLSs7GikyKSEuKjUlKDk1MjIyHyo4PTc+PDcxPjUBCgsLDg0OHBAQHDsoIig7Ozs7Ozs7OzsvOzs7Ozs7Ozs7Lzs7Ozs7Ozs7OzsvOzs7NTsvLy87NTU1Ly8vLzsvL//AABEIAA0AGAMBIgACEQEDEQH/xAAYAAACAwAAAAAAAAAAAAAAAAAGBwABBP/EACEQAAEEAAYDAAAAAAAAAAAAAAEAAgMEBQYHESEiFWFx/8QAFQEBAQAAAAAAAAAAAAAAAAAAAwL/xAAZEQADAAMAAAAAAAAAAAAAAAAAAQIRITH/2gAMAwEAAhEDEQA/AFxLgDWTsAd1J5TGy7hEYqNAaNgECX7sjLMQAHJTEy1Zcarfia4lJMauAxqBhLY6ZlaOzDurWvUOd3jZPfCiEh4xs//Z",
      "height": 421,
      "sizes": "(max-width: 750px) 100vw, 750px",
      "src": "https://www.datocms-assets.com/205/image.png?ar=16%3A9&fit=crop&w=750",
      "srcSet": "https://www.datocms-assets.com/205/image.png?ar=16%3A9&dpr=0.25&fit=crop&w=750 187w,↵https://www.datocms-assets.com/205/image.png?ar=16%3A9&dpr=0.5&fit=crop&w=750 375w,↵https://www.datocms-assets.com/205/image.png?ar=16%3A9&dpr=0.75&fit=crop&w=750 562w,↵https://www.datocms-assets.com/205/image.png?ar=16%3A9&dpr=1&fit=crop&w=750 750w,↵https://www.datocms-assets.com/205/image.png?ar=16%3A9&dpr=1.5&fit=crop&w=750 1125w,↵https://www.datocms-assets.com/205/image.png?ar=16%3A9&dpr=2&fit=crop&w=750 1500w,↵https://www.datocms-assets.com/205/image.png?ar=16%3A9&dpr=3&fit=crop&w=750 2250w,↵https://www.datocms-assets.com/205/image.png?ar=16%3A9&dpr=4&fit=crop&w=750 3000w",
      "title": "These are awesome, we know that.",
      "width": 750,
    }
  }
>
  <div
    style={
      Object {
        "display": "block",
        "maxWidth": "750px",
        "position": "relative",
      }
    }
  >
    <div
      style={
        Object {
          "backgroundColor": undefined,
          "backgroundImage": "url(data:image/jpeg;base64,/9j/4AAQSkZJRgABAQAAAQABAAD/2wCEAAoHBwgHBgoICAgLFQoLDhgQDg0NDh0eHREYIx8lJCIrHB0dLSs7GikyKSEuKjUlKDk1MjIyHyo4PTc+PDcxPjUBCgsLDg0OHBAQHDsoIig7Ozs7Ozs7OzsvOzs7Ozs7Ozs7Lzs7Ozs7Ozs7OzsvOzs7NTsvLy87NTU1Ly8vLzsvL//AABEIAA0AGAMBIgACEQEDEQH/xAAYAAACAwAAAAAAAAAAAAAAAAAGBwABBP/EACEQAAEEAAYDAAAAAAAAAAAAAAEAAgMEBQYHESEiFWFx/8QAFQEBAQAAAAAAAAAAAAAAAAAAAwL/xAAZEQADAAMAAAAAAAAAAAAAAAAAAQIRITH/2gAMAwEAAhEDEQA/AFxLgDWTsAd1J5TGy7hEYqNAaNgECX7sjLMQAHJTEy1Zcarfia4lJMauAxqBhLY6ZlaOzDurWvUOd3jZPfCiEh4xs//Z)",
          "backgroundSize": "cover",
          "paddingTop": "56.25%",
        }
      }
    />
    <picture
      style={
        Object {
          "left": 0,
          "opacity": 1,
          "position": "absolute",
          "top": 0,
          "transition": "opacity 500ms",
          "width": "100%",
        }
      }
    >
      <source
        sizes="(max-width: 750px) 100vw, 750px"
        srcSet="https://www.datocms-assets.com/205/image.png?ar=16%3A9&dpr=0.25&fit=crop&w=750 187w,↵https://www.datocms-assets.com/205/image.png?ar=16%3A9&dpr=0.5&fit=crop&w=750 375w,↵https://www.datocms-assets.com/205/image.png?ar=16%3A9&dpr=0.75&fit=crop&w=750 562w,↵https://www.datocms-assets.com/205/image.png?ar=16%3A9&dpr=1&fit=crop&w=750 750w,↵https://www.datocms-assets.com/205/image.png?ar=16%3A9&dpr=1.5&fit=crop&w=750 1125w,↵https://www.datocms-assets.com/205/image.png?ar=16%3A9&dpr=2&fit=crop&w=750 1500w,↵https://www.datocms-assets.com/205/image.png?ar=16%3A9&dpr=3&fit=crop&w=750 2250w,↵https://www.datocms-assets.com/205/image.png?ar=16%3A9&dpr=4&fit=crop&w=750 3000w"
      />
      <img
        alt="DatoCMS swag"
        onLoad={[Function]}
        src="https://www.datocms-assets.com/205/image.png?ar=16%3A9&fit=crop&w=750"
        title="These are awesome, we know that."
      />
    </picture>
    <noscript>
      <picture
        style={
          Object {
            "left": 0,
            "position": "absolute",
            "top": 0,
            "width": "100%",
          }
        }
      />
    </noscript>
  </div>
</Component>
`;

exports[`Image visible renders the image 1`] = `
<Component
  data={
    Object {
      "alt": "DatoCMS swag",
      "aspectRatio": 1.7777777777777777,
      "base64": "data:image/jpeg;base64,/9j/4AAQSkZJRgABAQAAAQABAAD/2wCEAAoHBwgHBgoICAgLFQoLDhgQDg0NDh0eHREYIx8lJCIrHB0dLSs7GikyKSEuKjUlKDk1MjIyHyo4PTc+PDcxPjUBCgsLDg0OHBAQHDsoIig7Ozs7Ozs7OzsvOzs7Ozs7Ozs7Lzs7Ozs7Ozs7OzsvOzs7NTsvLy87NTU1Ly8vLzsvL//AABEIAA0AGAMBIgACEQEDEQH/xAAYAAACAwAAAAAAAAAAAAAAAAAGBwABBP/EACEQAAEEAAYDAAAAAAAAAAAAAAEAAgMEBQYHESEiFWFx/8QAFQEBAQAAAAAAAAAAAAAAAAAAAwL/xAAZEQADAAMAAAAAAAAAAAAAAAAAAQIRITH/2gAMAwEAAhEDEQA/AFxLgDWTsAd1J5TGy7hEYqNAaNgECX7sjLMQAHJTEy1Zcarfia4lJMauAxqBhLY6ZlaOzDurWvUOd3jZPfCiEh4xs//Z",
      "height": 421,
      "sizes": "(max-width: 750px) 100vw, 750px",
      "src": "https://www.datocms-assets.com/205/image.png?ar=16%3A9&fit=crop&w=750",
      "srcSet": "https://www.datocms-assets.com/205/image.png?ar=16%3A9&dpr=0.25&fit=crop&w=750 187w,↵https://www.datocms-assets.com/205/image.png?ar=16%3A9&dpr=0.5&fit=crop&w=750 375w,↵https://www.datocms-assets.com/205/image.png?ar=16%3A9&dpr=0.75&fit=crop&w=750 562w,↵https://www.datocms-assets.com/205/image.png?ar=16%3A9&dpr=1&fit=crop&w=750 750w,↵https://www.datocms-assets.com/205/image.png?ar=16%3A9&dpr=1.5&fit=crop&w=750 1125w,↵https://www.datocms-assets.com/205/image.png?ar=16%3A9&dpr=2&fit=crop&w=750 1500w,↵https://www.datocms-assets.com/205/image.png?ar=16%3A9&dpr=3&fit=crop&w=750 2250w,↵https://www.datocms-assets.com/205/image.png?ar=16%3A9&dpr=4&fit=crop&w=750 3000w",
      "title": "These are awesome, we know that.",
      "width": 750,
    }
  }
>
  <div
    style={
      Object {
        "display": "block",
        "maxWidth": "750px",
        "position": "relative",
      }
    }
  >
    <div
      style={
        Object {
          "backgroundColor": undefined,
          "backgroundImage": "url(data:image/jpeg;base64,/9j/4AAQSkZJRgABAQAAAQABAAD/2wCEAAoHBwgHBgoICAgLFQoLDhgQDg0NDh0eHREYIx8lJCIrHB0dLSs7GikyKSEuKjUlKDk1MjIyHyo4PTc+PDcxPjUBCgsLDg0OHBAQHDsoIig7Ozs7Ozs7OzsvOzs7Ozs7Ozs7Lzs7Ozs7Ozs7OzsvOzs7NTsvLy87NTU1Ly8vLzsvL//AABEIAA0AGAMBIgACEQEDEQH/xAAYAAACAwAAAAAAAAAAAAAAAAAGBwABBP/EACEQAAEEAAYDAAAAAAAAAAAAAAEAAgMEBQYHESEiFWFx/8QAFQEBAQAAAAAAAAAAAAAAAAAAAwL/xAAZEQADAAMAAAAAAAAAAAAAAAAAAQIRITH/2gAMAwEAAhEDEQA/AFxLgDWTsAd1J5TGy7hEYqNAaNgECX7sjLMQAHJTEy1Zcarfia4lJMauAxqBhLY6ZlaOzDurWvUOd3jZPfCiEh4xs//Z)",
          "backgroundSize": "cover",
          "paddingTop": "56.25%",
        }
      }
    />
    <picture
      style={
        Object {
          "left": 0,
          "opacity": 0,
          "position": "absolute",
          "top": 0,
          "transition": "opacity 500ms",
          "width": "100%",
        }
      }
    >
      <source
        sizes="(max-width: 750px) 100vw, 750px"
        srcSet="https://www.datocms-assets.com/205/image.png?ar=16%3A9&dpr=0.25&fit=crop&w=750 187w,↵https://www.datocms-assets.com/205/image.png?ar=16%3A9&dpr=0.5&fit=crop&w=750 375w,↵https://www.datocms-assets.com/205/image.png?ar=16%3A9&dpr=0.75&fit=crop&w=750 562w,↵https://www.datocms-assets.com/205/image.png?ar=16%3A9&dpr=1&fit=crop&w=750 750w,↵https://www.datocms-assets.com/205/image.png?ar=16%3A9&dpr=1.5&fit=crop&w=750 1125w,↵https://www.datocms-assets.com/205/image.png?ar=16%3A9&dpr=2&fit=crop&w=750 1500w,↵https://www.datocms-assets.com/205/image.png?ar=16%3A9&dpr=3&fit=crop&w=750 2250w,↵https://www.datocms-assets.com/205/image.png?ar=16%3A9&dpr=4&fit=crop&w=750 3000w"
      />
      <img
        alt="DatoCMS swag"
        onLoad={[Function]}
        src="https://www.datocms-assets.com/205/image.png?ar=16%3A9&fit=crop&w=750"
        title="These are awesome, we know that."
      />
    </picture>
    <noscript>
      <picture
        style={
          Object {
            "left": 0,
            "position": "absolute",
            "top": 0,
            "width": "100%",
          }
        }
      />
    </noscript>
  </div>
</Component>
`;
